[fasor.its.ac.id/index.html]
[backblue.gif]
[fade.gif]
[index.html]
[fasor.its.ac.id/favicon.png]
[fasor.its.ac.id/css/bv4.min.css]
[fasor.its.ac.id/vendor/fontawesome/css/all.min.css]
[fasor.its.ac.id/css/maine605.css]
[cdnjs.cloudflare.com/ajax/libs/fullcalendar/3.4.0/fullcalendar.min.css]
[www.cscpro.org/image/sZ4g.png]
[fasor.its.ac.id/order/create/1.html]
[fasor.its.ac.id/order/create/2.html]
[fasor.its.ac.id/order/create/3.html]
[fasor.its.ac.id/order/create/4.html]
[fasor.its.ac.id/order/create/5.html]
[fasor.its.ac.id/order/create/6.html]
[fasor.its.ac.id/order/create/7.html]
[fasor.its.ac.id/order/search.html]
[fasor.its.ac.id/login.html]
[fasor.its.ac.id/uploads/slide/slide_1.jpg]
[fasor.its.ac.id/uploads/slide/slide_2.jpg]
[fasor.its.ac.id/uploads/slide/slide_3.jpg]
[fasor.its.ac.id/uploads/slide/slide_4.jpg]
[fasor.its.ac.id/uploads/slide/slide_5.jpg]
[fasor.its.ac.id/uploads/slide/slide_6.jpg]
[fasor.its.ac.id/uploads/slide/slide_7.jpg]
[fasor.its.ac.id/uploads/slide/slide_38.jpg]
[fasor.its.ac.id/article/1.html]
[fasor.its.ac.id/article/2.html]
[fasor.its.ac.id/article/16.html]
[fasor.its.ac.id/article/20.html]
[cdnjs.cloudflare.com/ajax/libs/jquery/2.2.4/jquery.min.js]
[cdnjs.cloudflare.com/ajax/libs/tether/1.4.0/js/tether.min.js]
[cdnjs.cloudflare.com/ajax/libs/twitter-bootstrap/4.0.0-alpha.6/js/bootstrap.min.js]
[fasor.its.ac.id/js/main.js]
[cdnjs.cloudflare.com/ajax/libs/moment.js/2.18.1/moment.min.js]
[fasor.its.ac.id/index.html]
[cdnjs.cloudflare.com/ajax/libs/fullcalendar/3.4.0/locale/id.js]
[fasor.its.ac.id/css/bv4.min.css]
[fasor.its.ac.id/vendor/fontawesome/webfonts/fa-brands-400.eot]
[fasor.its.ac.id/vendor/fontawesome/webfonts/fa-brands-400d41d.eot]
[cdnjs.cloudflare.com/ajax/libs/fullcalendar/3.4.0/fullcalendar.min.js]
[fasor.its.ac.id/vendor/fontawesome/webfonts/fa-brands-400.woff]
[fasor.its.ac.id/vendor/fontawesome/webfonts/fa-brands-400.ttf]
[fasor.its.ac.id/vendor/fontawesome/webfonts/fa-regular-400.eot]
[fasor.its.ac.id/vendor/fontawesome/webfonts/fa-regular-400d41d.eot]
[fasor.its.ac.id/vendor/fontawesome/webfonts/fa-regular-400.woff]
[fasor.its.ac.id/vendor/fontawesome/webfonts/fa-regular-400.ttf]
[fasor.its.ac.id/vendor/fontawesome/webfonts/fa-solid-900.eot]
[fasor.its.ac.id/vendor/fontawesome/webfonts/fa-solid-900d41d.eot]
[fasor.its.ac.id/vendor/fontawesome/webfonts/fa-solid-900.woff]
[fasor.its.ac.id/vendor/fontawesome/webfonts/fa-solid-900.ttf]
[fasor.its.ac.id/vendor/fontawesome/css/all.min.css]
[www.cscpro.org/image/xmzx.png]
[fasor.its.ac.id/css/maine605.css]
[cdnjs.cloudflare.com/ajax/libs/fullcalendar/3.4.0/fullcalendar.min.css]
[cdnjs.cloudflare.com/ajax/libs/bootstrap-datepicker/1.6.4/css/bootstrap-datepicker.standalone.min.css]
[cdnjs.cloudflare.com/ajax/libs/bootstrap-datepicker/1.6.4/js/bootstrap-datepicker.min.js]
[cdnjs.cloudflare.com/ajax/libs/bootstrap-datepicker/1.6.4/locales/bootstrap-datepicker.id.min.js]
[fasor.its.ac.id/order/create/1.html]
[fasor.its.ac.id/order/create/2.html]
[fasor.its.ac.id/order/create/3.html]
[fasor.its.ac.id/order/create/4.html]
[fasor.its.ac.id/order/create/5.html]
[fasor.its.ac.id/order/create/6.html]
[fasor.its.ac.id/order/create/7.html]
[fasor.its.ac.id/order/search.html]
[my.its.ac.id/assets/media/img/myits-sso-blue.png]
[fasor.its.ac.id/login.html]
[fasor.its.ac.id/article.html]
[fasor.its.ac.id/article/1.html]
[fasor.its.ac.id/article/2.html]
[fasor.its.ac.id/article/16.html]
[fasor.its.ac.id/article/20.html]
[fasor.its.ac.id/vendor/fontawesome/webfonts/fa-brands-400.html]
[fasor.its.ac.id/vendor/fontawesome/webfonts/fa-brands-400.svg]
[fasor.its.ac.id/vendor/fontawesome/webfonts/fa-regular-400.html]
[fasor.its.ac.id/vendor/fontawesome/webfonts/fa-regular-400.svg]
[fasor.its.ac.id/vendor/fontawesome/webfonts/fa-solid-900.html]
[fasor.its.ac.id/vendor/fontawesome/webfonts/fa-solid-900.svg]
[cdnjs.cloudflare.com/ajax/libs/bootstrap-datepicker/1.6.4/css/bootstrap-datepicker.standalone.min.css]
[fasor.its.ac.id/article.html]
